sere.exe : warning: overriding the module target triple with 
x86_64-pc-windows-msvc19.44.35228 [-Woverride-module]
At line:1 char:68
+ ... 'Continue'; & build\_dev\bin\sere.exe _scratch\f1.sere -o _scratch\f1 ...
+                 ~~~~~~~~~~~~~~~~~~~~~~~~~~~~~~~~~~~~~~~~~~~~~~~~~~~~~~~~~
    + CategoryInfo          : NotSpecified: (warning: overri...verride-module] 
   :String) [], RemoteException
    + FullyQualifiedErrorId : NativeCommandError
 
1 warning generated.
wrote _scratch\f1.exe
EXIT=0
BUILD EXIT=1
      |        ^
1 error generated.
ninja: build stopped: subcommand failed.
warning: overriding the module target triple with x86_64-pc-windows-msvc19.44.35228 [-Woverride-module]
1 warning generated.
wrote _scratch\f1.exe
COMPILE EXIT=0
255
RUN EXIT=0
=== REBUILD EXIT=0
Error copying file (if different) from "C:/Users/jackw/OneDrive/Desktop/git-projects/sere/bin/sere.exe.new" to "C:/Users/jackw/OneDrive/Desktop/git-projects/sere/bin/sere.exe": Permission denied
-- replaced locked C:/Users/jackw/OneDrive/Desktop/git-projects/sere/bin/sere.exe (previous image: C:/Users/jackw/OneDrive/Desktop/git-projects/sere/bin/sere.exe.old2)
warning: overriding the module target triple with x86_64-pc-windows-msvc19.44.35228 [-Woverride-module]
1 warning generated.
wrote _scratch\f1.exe
000000ff
RUN EXIT=0
