clone removed: True
status:
 M .github/linguist/languages.yml.fragment
 M .github/linguist/pr-body.md
 M CONTRIBUTING.md
 M docs/README.md
?? _scratch/finish.log
?? _scratch/finish_pr.ps1
?? _scratch/gh.txt
?? _scratch/linguist-pr-run.log
?? _scratch/linguist/gitmodules.txt
?? _scratch/linguist/gitmodules_sample.txt
?? _scratch/linguist/probe.txt
?? _scratch/linguist/validate.txt
?? _scratch/pr-body-final.md
?? _scratch/pr_check.log
?? _scratch/run_linguist_pr.ps1
?? _scratch/status.txt
?? _scratch/verify_pr.ps1
?? docs/linguist.md
tail of pr_check.log:
  +def greet(environ: wsgi.Environ) -> wsgi.Response:
  +    return wsgi.text("Hello, " + environ.param("name", "world") + "!")
  +
== cleanup
clone removed: True
done
