
clone present: True
== fork-create
https://github.com/youthx/linguist
   exit=0
== fork-view
gh : accepts at most 1 arg(s), received 3
At C:\Users\jackw\OneDrive\Desktop\git-projects\sere\_scratch\finish_pr.ps1:22 
char:19
+ ... ork-view' { gh repo view youthx/linguist --json nameWithOwner,isFork, ...
+                 ~~~~~~~~~~~~~~~~~~~~~~~~~~~~~~~~~~~~~~~~~~~~~~~~~~~~~~~~~
    + CategoryInfo          : NotSpecified: (accepts at most 1 arg(s), receive 
   d 3:String) [], RemoteException
    + FullyQualifiedErrorId : NativeCommandError
   exit=1
== push
git : remote: 
At C:\Users\jackw\OneDrive\Desktop\git-projects\sere\_scratch\finish_pr.ps1:23 
char:14
+ ... un 'push' { git -C $cloneDir push --force https://github.com/youthx/l ...
+                 ~~~~~~~~~~~~~~~~~~~~~~~~~~~~~~~~~~~~~~~~~~~~~~~~~~~~~~~~~
    + CategoryInfo          : NotSpecified: (remote: :String) [], RemoteExcept 
   ion
    + FullyQualifiedErrorId : NativeCommandError
remote: Create a pull request for 'add-sere-language' on GitHub by visiting:   
remote:      https://github.com/youthx/linguist/pull/new/add-sere-language     
remote: 
To https://github.com/youthx/linguist.git
 * [new branch]      add-sere-language -> add-sere-language
   exit=0
== pr
https://github.com/github-linguist/linguist/pull/8209
   exit=0
done
