===== v6 =====
sere.exe : error[TypeError]: split() takes a separator
At C:\Users\jackw\OneDrive\Desktop\git-projects\sere\_scratch\va
riants3.ps1:9 char:3
+   & $sere "_scratch\$n.sere" -o "_scratch\$n.exe" 2>&1 | 
Out-File -Ap ...
+   ~~~~~~~~~~~~~~~~~~~~~~~~~~~~~~~~~~~~~~~~~~~~~~~~~~~~
    + CategoryInfo          : NotSpecified: (error[TypeError... 
   kes a separator:String) [], RemoteException
    + FullyQualifiedErrorId : NativeCommandError
 
 --> _scratch\v6.sere:3:13
   |
 3 |     parts = s.split()
   |             ^^^^^^^^^

error[NameError]: unknown name 'parts'
 --> _scratch\v6.sere:4:11
   |
 4 |     print(parts)
   |           ^^^^^
 = help: did you mean 'parse'?

EXIT=1
===== v7 =====
sere.exe : warning: overriding the module target triple with 
x86_64-pc-windows-msvc19.44.35228 [-Woverride-module]
At C:\Users\jackw\OneDrive\Desktop\git-projects\sere\_scratch\va
riants3.ps1:9 char:3
+   & $sere "_scratch\$n.sere" -o "_scratch\$n.exe" 2>&1 | 
Out-File -Ap ...
+   ~~~~~~~~~~~~~~~~~~~~~~~~~~~~~~~~~~~~~~~~~~~~~~~~~~~~
    + CategoryInfo          : NotSpecified: (warning: overri... 
   verride-module]:String) [], RemoteException
    + FullyQualifiedErrorId : NativeCommandError
 
1 warning generated.
wrote _scratch\v7.exe
EXIT=0
===== v8 =====
sere.exe : warning: overriding the module target triple with 
x86_64-pc-windows-msvc19.44.35228 [-Woverride-module]
At C:\Users\jackw\OneDrive\Desktop\git-projects\sere\_scratch\va
riants3.ps1:9 char:3
+   & $sere "_scratch\$n.sere" -o "_scratch\$n.exe" 2>&1 | 
Out-File -Ap ...
+   ~~~~~~~~~~~~~~~~~~~~~~~~~~~~~~~~~~~~~~~~~~~~~~~~~~~~
    + CategoryInfo          : NotSpecified: (warning: overri... 
   verride-module]:String) [], RemoteException
    + FullyQualifiedErrorId : NativeCommandError
 
1 warning generated.
wrote _scratch\v8.exe
EXIT=0
DONE
